{
  "error": "Empty email body.",
  "message": "Please provide a non-empty email body."
}
