{
  "error": "Missing email subject.",
  "message": "Please provide an email subject."
}
