{
  "is_spam": true,
  "confidence": 0.8,
  "message": "This email is likely spam."
}
