{
  "is_spam": false,
  "confidence": 0.2,
  "message": "This email is not considered spam."
}
