{
  "is_spam": false,
  "confidence": 0.15,
  "message": "This email is not considered spam."
}
