{
  "is_spam": false,
  "confidence": 0.25,
  "message": "This email is not considered spam."
}
